2025-02-10 01:00:13,316 - INFO - Application starting...
2025-02-10 01:00:13,320 - INFO - Database tables set up successfully.
2025-02-10 01:00:13,321 - INFO - Admin user already exists.
2025-02-10 01:00:13,321 - INFO - Time slots checked and initialized successfully
2025-02-10 01:00:13,322 - INFO - All required tables exist.
2025-02-10 01:00:13,327 - INFO - Successfully initialized LoginFrame
2025-02-10 01:00:14,021 - INFO - Successfully initialized HomeFrame
2025-02-10 01:00:16,230 - INFO - Successfully initialized EmploiDuTempsApp
2025-02-10 01:00:16,281 - INFO - Successfully initialized TabManagerFrame
2025-02-10 01:00:16,289 - INFO - Database tables set up successfully.
2025-02-10 01:00:16,289 - INFO - Admin user already exists.
2025-02-10 01:00:16,289 - INFO - Time slots checked and initialized successfully
2025-02-10 01:00:16,290 - INFO - All required tables exist.
2025-02-10 01:00:16,301 - WARNING - No saved weeks found in schedule_entries table.
2025-02-10 01:00:16,308 - INFO - Successfully initialized SavedSchedulesFrame
2025-02-10 01:00:16,312 - INFO - Database tables set up successfully.
2025-02-10 01:00:16,312 - INFO - Admin user already exists.
2025-02-10 01:00:16,313 - INFO - Time slots checked and initialized successfully
2025-02-10 01:00:16,314 - INFO - All required tables exist.
2025-02-10 01:00:16,321 - INFO - Database tables set up successfully.
2025-02-10 01:00:16,322 - INFO - Admin user already exists.
2025-02-10 01:00:16,322 - INFO - Time slots checked and initialized successfully
2025-02-10 01:00:16,323 - INFO - All required tables exist.
2025-02-10 01:00:16,324 - INFO - Database tables set up successfully.
2025-02-10 01:00:16,324 - INFO - Admin user already exists.
2025-02-10 01:00:16,324 - INFO - Time slots checked and initialized successfully
2025-02-10 01:00:16,331 - INFO - Basic data (days) initialized successfully
2025-02-10 01:00:16,348 - ERROR - Error parsing week: list index out of range
2025-02-10 01:00:17,468 - INFO - Successfully initialized CahierTextFrame
2025-02-10 01:00:17,490 - INFO - Successfully initialized ExcelImporterFrame
2025-02-10 01:00:17,492 - INFO - Database tables set up successfully.
2025-02-10 01:00:17,492 - INFO - Admin user already exists.
2025-02-10 01:00:17,492 - INFO - Time slots checked and initialized successfully
2025-02-10 01:00:17,493 - INFO - All required tables exist.
2025-02-10 01:00:17,493 - INFO - DatabaseManager initialized successfully.
2025-02-10 01:00:17,496 - INFO - Displayed frame: LoginFrame
2025-02-10 01:03:01,129 - INFO - Application starting...
2025-02-10 01:03:01,136 - INFO - Database tables set up successfully.
2025-02-10 01:03:01,136 - INFO - Admin user already exists.
2025-02-10 01:03:01,136 - INFO - Time slots checked and initialized successfully
2025-02-10 01:03:01,137 - INFO - All required tables exist.
2025-02-10 01:03:01,142 - INFO - Successfully initialized LoginFrame
2025-02-10 01:03:01,876 - INFO - Successfully initialized HomeFrame
2025-02-10 01:03:04,846 - INFO - Successfully initialized EmploiDuTempsApp
2025-02-10 01:03:04,899 - INFO - Successfully initialized TabManagerFrame
2025-02-10 01:03:04,907 - INFO - Database tables set up successfully.
2025-02-10 01:03:04,907 - INFO - Admin user already exists.
2025-02-10 01:03:04,907 - INFO - Time slots checked and initialized successfully
2025-02-10 01:03:04,908 - INFO - All required tables exist.
2025-02-10 01:03:04,918 - WARNING - No saved weeks found in schedule_entries table.
2025-02-10 01:03:04,927 - INFO - Successfully initialized SavedSchedulesFrame
2025-02-10 01:03:04,930 - INFO - Database tables set up successfully.
2025-02-10 01:03:04,930 - INFO - Admin user already exists.
2025-02-10 01:03:04,931 - INFO - Time slots checked and initialized successfully
2025-02-10 01:03:04,932 - INFO - All required tables exist.
2025-02-10 01:03:04,941 - INFO - Database tables set up successfully.
2025-02-10 01:03:04,942 - INFO - Admin user already exists.
2025-02-10 01:03:04,942 - INFO - Time slots checked and initialized successfully
2025-02-10 01:03:04,943 - INFO - All required tables exist.
2025-02-10 01:03:04,945 - INFO - Database tables set up successfully.
2025-02-10 01:03:04,946 - INFO - Admin user already exists.
2025-02-10 01:03:04,946 - INFO - Time slots checked and initialized successfully
2025-02-10 01:03:04,957 - INFO - Basic data (days) initialized successfully
2025-02-10 01:03:04,976 - ERROR - Error parsing week: list index out of range
2025-02-10 01:03:06,031 - INFO - Successfully initialized CahierTextFrame
2025-02-10 01:03:06,047 - INFO - Successfully initialized ExcelImporterFrame
2025-02-10 01:03:06,049 - INFO - Database tables set up successfully.
2025-02-10 01:03:06,050 - INFO - Admin user already exists.
2025-02-10 01:03:06,050 - INFO - Time slots checked and initialized successfully
2025-02-10 01:03:06,052 - INFO - All required tables exist.
2025-02-10 01:03:06,052 - INFO - DatabaseManager initialized successfully.
2025-02-10 01:03:06,058 - INFO - Displayed frame: LoginFrame
2025-02-10 01:04:44,038 - INFO - Displayed frame: HomeFrame
2025-02-10 01:04:45,621 - INFO - Displayed frame: TabManagerFrame
2025-02-10 01:04:47,941 - INFO - Displayed frame: HomeFrame
2025-02-10 01:04:51,821 - INFO - Displayed frame: ExcelImporterFrame
2025-02-10 01:05:00,511 - INFO - Displayed frame: HomeFrame
2025-02-10 01:05:01,759 - INFO - Displayed frame: CahierTextFrame
2025-02-10 01:05:03,307 - INFO - Distributing courses for week 38...
2025-02-10 01:05:03,308 - ERROR - Error distributing ma_table values: no such table: classes
2025-02-10 01:05:09,533 - INFO - Distributing courses for week 36...
2025-02-10 01:05:09,534 - ERROR - Error distributing ma_table values: no such table: classes
2025-02-10 01:05:11,927 - INFO - Displayed frame: HomeFrame
2025-02-10 01:07:50,048 - INFO - Application starting...
2025-02-10 01:07:50,056 - INFO - Database tables set up successfully.
2025-02-10 01:07:50,056 - INFO - Admin user already exists.
2025-02-10 01:07:50,056 - INFO - Time slots checked and initialized successfully
2025-02-10 01:07:50,058 - INFO - All required tables exist.
2025-02-10 01:07:50,067 - INFO - Successfully initialized LoginFrame
2025-02-10 01:07:50,847 - INFO - Successfully initialized HomeFrame
2025-02-10 01:07:52,251 - INFO - Successfully initialized EmploiDuTempsApp
2025-02-10 01:07:52,306 - INFO - Successfully initialized TabManagerFrame
2025-02-10 01:07:52,311 - INFO - Database tables set up successfully.
2025-02-10 01:07:52,311 - INFO - Admin user already exists.
2025-02-10 01:07:52,311 - INFO - Time slots checked and initialized successfully
2025-02-10 01:07:52,312 - INFO - All required tables exist.
2025-02-10 01:07:52,319 - WARNING - No saved weeks found in schedule_entries table.
2025-02-10 01:07:52,331 - INFO - Successfully initialized SavedSchedulesFrame
2025-02-10 01:07:52,335 - INFO - Database tables set up successfully.
2025-02-10 01:07:52,336 - INFO - Admin user already exists.
2025-02-10 01:07:52,338 - INFO - Time slots checked and initialized successfully
2025-02-10 01:07:52,342 - INFO - All required tables exist.
2025-02-10 01:07:52,362 - INFO - Database tables set up successfully.
2025-02-10 01:07:52,363 - INFO - Admin user already exists.
2025-02-10 01:07:52,363 - INFO - Time slots checked and initialized successfully
2025-02-10 01:07:52,365 - INFO - All required tables exist.
2025-02-10 01:07:52,368 - INFO - Database tables set up successfully.
2025-02-10 01:07:52,368 - INFO - Admin user already exists.
2025-02-10 01:07:52,368 - INFO - Time slots checked and initialized successfully
2025-02-10 01:07:52,378 - INFO - Basic data (days) initialized successfully
2025-02-10 01:07:52,399 - ERROR - Error parsing week: list index out of range
2025-02-10 01:07:53,566 - INFO - Successfully initialized CahierTextFrame
2025-02-10 01:07:53,594 - INFO - Successfully initialized ExcelImporterFrame
2025-02-10 01:07:53,597 - INFO - Database tables set up successfully.
2025-02-10 01:07:53,597 - INFO - Admin user already exists.
2025-02-10 01:07:53,598 - INFO - Time slots checked and initialized successfully
2025-02-10 01:07:53,599 - INFO - All required tables exist.
2025-02-10 01:07:53,599 - INFO - DatabaseManager initialized successfully.
2025-02-10 01:07:53,602 - INFO - Displayed frame: LoginFrame
2025-02-10 01:07:54,536 - INFO - Displayed frame: HomeFrame
2025-02-10 01:07:55,438 - INFO - Displayed frame: CahierTextFrame
2025-02-10 01:07:56,610 - INFO - Distributing courses for week 36...
2025-02-10 01:07:56,611 - INFO - Fetching valid slots for week 36
2025-02-10 01:07:56,612 - INFO - Valid slots: [(1, 1), (1, 2), (1, 3), (1, 4), (1, 5), (1, 6), (1, 7), (1, 8), (2, 1), (2, 2), (2, 3), (2, 4), (2, 5), (2, 6), (2, 7), (2, 8), (3, 1), (3, 2), (3, 3), (3, 4), (3, 5), (3, 6), (3, 7), (3, 8), (4, 1), (4, 2), (4, 3), (4, 4), (4, 5), (4, 6), (4, 7), (4, 8), (5, 1), (5, 2), (5, 3), (5, 4), (5, 5), (5, 6), (5, 7), (5, 8), (6, 1), (6, 2), (6, 3), (6, 4), (6, 5), (6, 6), (6, 7), (6, 8), (7, 1), (7, 2), (7, 3), (7, 4), (7, 5), (7, 6), (7, 7), (7, 8), (8, 1), (8, 2), (8, 3), (8, 4), (8, 5), (8, 6), (8, 7), (8, 8), (9, 1), (9, 2), (9, 3), (9, 4), (9, 5), (9, 6), (9, 7), (9, 8), (10, 1), (10, 2), (10, 3), (10, 4), (10, 5), (10, 6), (10, 7), (10, 8), (11, 1), (11, 2), (11, 3), (11, 4), (11, 5), (11, 6), (11, 7), (11, 8), (12, 1), (12, 2), (12, 3), (12, 4), (12, 5), (12, 6), (12, 7), (12, 8), (13, 1), (13, 2), (13, 3), (13, 4), (13, 5), (13, 6), (13, 7), (13, 8), (14, 1), (14, 2), (14, 3), (14, 4), (14, 5), (14, 6), (14, 7), (14, 8), (15, 1), (15, 2), (15, 3), (15, 4), (15, 5), (15, 6), (15, 7), (15, 8), (16, 1), (16, 2), (16, 3), (16, 4), (16, 5), (16, 6), (16, 7), (16, 8), (17, 1), (17, 2), (17, 3), (17, 4), (17, 5), (17, 6), (17, 7), (17, 8), (18, 1), (18, 2), (18, 3), (18, 4), (18, 5), (18, 6), (18, 7), (18, 8), (19, 1), (19, 2), (19, 3), (19, 4), (19, 5), (19, 6), (19, 7), (19, 8), (20, 1), (20, 2), (20, 3), (20, 4), (20, 5), (20, 6), (20, 7), (20, 8), (21, 1), (21, 2), (21, 3), (21, 4), (21, 5), (21, 6), (21, 7), (21, 8), (22, 1), (22, 2), (22, 3), (22, 4), (22, 5), (22, 6), (22, 7), (22, 8), (23, 1), (23, 2), (23, 3), (23, 4), (23, 5), (23, 6), (23, 7), (23, 8), (24, 1), (24, 2), (24, 3), (24, 4), (24, 5), (24, 6), (24, 7), (24, 8), (25, 1), (25, 2), (25, 3), (25, 4), (25, 5), (25, 6), (25, 7), (25, 8), (26, 1), (26, 2), (26, 3), (26, 4), (26, 5), (26, 6), (26, 7), (26, 8), (27, 1), (27, 2), (27, 3), (27, 4), (27, 5), (27, 6), (27, 7), (27, 8), (28, 1), (28, 2), (28, 3), (28, 4), (28, 5), (28, 6), (28, 7), (28, 8), (29, 1), (29, 2), (29, 3), (29, 4), (29, 5), (29, 6), (29, 7), (29, 8), (30, 1), (30, 2), (30, 3), (30, 4), (30, 5), (30, 6), (30, 7), (30, 8), (31, 1), (31, 2), (31, 3), (31, 4), (31, 5), (31, 6), (31, 7), (31, 8), (32, 1), (32, 2), (32, 3), (32, 4), (32, 5), (32, 6), (32, 7), (32, 8), (33, 1), (33, 2), (33, 3), (33, 4), (33, 5), (33, 6), (33, 7), (33, 8), (34, 1), (34, 2), (34, 3), (34, 4), (34, 5), (34, 6), (34, 7), (34, 8), (35, 1), (35, 2), (35, 3), (35, 4), (35, 5), (35, 6), (35, 7), (35, 8), (36, 1), (36, 2), (36, 3), (36, 4), (36, 5), (36, 6), (36, 7), (36, 8)]
2025-02-10 01:07:56,620 - INFO - Distribution: {1: []}
2025-02-10 01:07:59,373 - INFO - Distributing courses for week 42...
2025-02-10 01:07:59,373 - INFO - Fetching valid slots for week 42
2025-02-10 01:07:59,374 - INFO - Valid slots: [(1, 1), (1, 2), (1, 3), (1, 4), (1, 5), (1, 6), (1, 7), (1, 8), (2, 1), (2, 2), (2, 3), (2, 4), (2, 5), (2, 6), (2, 7), (2, 8), (3, 1), (3, 2), (3, 3), (3, 4), (3, 5), (3, 6), (3, 7), (3, 8), (4, 1), (4, 2), (4, 3), (4, 4), (4, 5), (4, 6), (4, 7), (4, 8), (5, 1), (5, 2), (5, 3), (5, 4), (5, 5), (5, 6), (5, 7), (5, 8), (6, 1), (6, 2), (6, 3), (6, 4), (6, 5), (6, 6), (6, 7), (6, 8), (7, 1), (7, 2), (7, 3), (7, 4), (7, 5), (7, 6), (7, 7), (7, 8), (8, 1), (8, 2), (8, 3), (8, 4), (8, 5), (8, 6), (8, 7), (8, 8), (9, 1), (9, 2), (9, 3), (9, 4), (9, 5), (9, 6), (9, 7), (9, 8), (10, 1), (10, 2), (10, 3), (10, 4), (10, 5), (10, 6), (10, 7), (10, 8), (11, 1), (11, 2), (11, 3), (11, 4), (11, 5), (11, 6), (11, 7), (11, 8), (12, 1), (12, 2), (12, 3), (12, 4), (12, 5), (12, 6), (12, 7), (12, 8), (13, 1), (13, 2), (13, 3), (13, 4), (13, 5), (13, 6), (13, 7), (13, 8), (14, 1), (14, 2), (14, 3), (14, 4), (14, 5), (14, 6), (14, 7), (14, 8), (15, 1), (15, 2), (15, 3), (15, 4), (15, 5), (15, 6), (15, 7), (15, 8), (16, 1), (16, 2), (16, 3), (16, 4), (16, 5), (16, 6), (16, 7), (16, 8), (17, 1), (17, 2), (17, 3), (17, 4), (17, 5), (17, 6), (17, 7), (17, 8), (18, 1), (18, 2), (18, 3), (18, 4), (18, 5), (18, 6), (18, 7), (18, 8), (19, 1), (19, 2), (19, 3), (19, 4), (19, 5), (19, 6), (19, 7), (19, 8), (20, 1), (20, 2), (20, 3), (20, 4), (20, 5), (20, 6), (20, 7), (20, 8), (21, 1), (21, 2), (21, 3), (21, 4), (21, 5), (21, 6), (21, 7), (21, 8), (22, 1), (22, 2), (22, 3), (22, 4), (22, 5), (22, 6), (22, 7), (22, 8), (23, 1), (23, 2), (23, 3), (23, 4), (23, 5), (23, 6), (23, 7), (23, 8), (24, 1), (24, 2), (24, 3), (24, 4), (24, 5), (24, 6), (24, 7), (24, 8), (25, 1), (25, 2), (25, 3), (25, 4), (25, 5), (25, 6), (25, 7), (25, 8), (26, 1), (26, 2), (26, 3), (26, 4), (26, 5), (26, 6), (26, 7), (26, 8), (27, 1), (27, 2), (27, 3), (27, 4), (27, 5), (27, 6), (27, 7), (27, 8), (28, 1), (28, 2), (28, 3), (28, 4), (28, 5), (28, 6), (28, 7), (28, 8), (29, 1), (29, 2), (29, 3), (29, 4), (29, 5), (29, 6), (29, 7), (29, 8), (30, 1), (30, 2), (30, 3), (30, 4), (30, 5), (30, 6), (30, 7), (30, 8), (31, 1), (31, 2), (31, 3), (31, 4), (31, 5), (31, 6), (31, 7), (31, 8), (32, 1), (32, 2), (32, 3), (32, 4), (32, 5), (32, 6), (32, 7), (32, 8), (33, 1), (33, 2), (33, 3), (33, 4), (33, 5), (33, 6), (33, 7), (33, 8), (34, 1), (34, 2), (34, 3), (34, 4), (34, 5), (34, 6), (34, 7), (34, 8), (35, 1), (35, 2), (35, 3), (35, 4), (35, 5), (35, 6), (35, 7), (35, 8), (36, 1), (36, 2), (36, 3), (36, 4), (36, 5), (36, 6), (36, 7), (36, 8)]
2025-02-10 01:07:59,379 - INFO - Distribution: {1: []}
2025-02-10 01:08:00,553 - INFO - Displayed frame: HomeFrame
2025-02-10 01:08:01,684 - INFO - Displayed frame: EmploiDuTempsApp
2025-02-10 01:14:25,413 - INFO - Application starting...
2025-02-10 01:14:25,418 - INFO - Database tables set up successfully.
2025-02-10 01:14:25,418 - INFO - Admin user already exists.
2025-02-10 01:14:25,418 - INFO - Time slots checked and initialized successfully
2025-02-10 01:14:25,419 - INFO - All required tables exist.
2025-02-10 01:14:25,426 - INFO - Successfully initialized LoginFrame
2025-02-10 01:14:26,121 - INFO - Successfully initialized HomeFrame
2025-02-10 01:14:27,577 - INFO - Successfully initialized EmploiDuTempsApp
2025-02-10 01:14:27,621 - INFO - Successfully initialized TabManagerFrame
2025-02-10 01:14:27,629 - INFO - Database tables set up successfully.
2025-02-10 01:14:27,629 - INFO - Admin user already exists.
2025-02-10 01:14:27,629 - INFO - Time slots checked and initialized successfully
2025-02-10 01:14:27,630 - INFO - All required tables exist.
2025-02-10 01:14:27,640 - WARNING - No saved weeks found in schedule_entries table.
2025-02-10 01:14:27,649 - INFO - Successfully initialized SavedSchedulesFrame
2025-02-10 01:14:27,654 - INFO - Database tables set up successfully.
2025-02-10 01:14:27,654 - INFO - Admin user already exists.
2025-02-10 01:14:27,654 - INFO - Time slots checked and initialized successfully
2025-02-10 01:14:27,658 - INFO - All required tables exist.
2025-02-10 01:14:27,665 - INFO - Database tables set up successfully.
2025-02-10 01:14:27,666 - INFO - Admin user already exists.
2025-02-10 01:14:27,666 - INFO - Time slots checked and initialized successfully
2025-02-10 01:14:27,670 - INFO - All required tables exist.
2025-02-10 01:14:27,679 - INFO - Database tables set up successfully.
2025-02-10 01:14:27,680 - INFO - Admin user already exists.
2025-02-10 01:14:27,680 - INFO - Time slots checked and initialized successfully
2025-02-10 01:14:27,689 - INFO - Basic data (days) initialized successfully
2025-02-10 01:14:27,705 - ERROR - Error parsing week: list index out of range
2025-02-10 01:14:29,119 - INFO - Successfully initialized CahierTextFrame
2025-02-10 01:14:29,144 - INFO - Successfully initialized ExcelImporterFrame
2025-02-10 01:14:29,146 - INFO - Database tables set up successfully.
2025-02-10 01:14:29,146 - INFO - Admin user already exists.
2025-02-10 01:14:29,147 - INFO - Time slots checked and initialized successfully
2025-02-10 01:14:29,148 - INFO - All required tables exist.
2025-02-10 01:14:29,148 - INFO - DatabaseManager initialized successfully.
2025-02-10 01:14:29,150 - INFO - Displayed frame: LoginFrame
2025-02-10 01:14:30,604 - INFO - Displayed frame: HomeFrame
2025-02-10 01:14:31,377 - INFO - Displayed frame: CahierTextFrame
2025-02-10 01:14:32,387 - INFO - Distributing courses for week 36...
2025-02-10 01:14:32,387 - INFO - Fetching valid slots for week 36
2025-02-10 01:14:32,388 - INFO - Valid slots: [(1, 1), (1, 2), (1, 3), (1, 4), (1, 5), (1, 6), (1, 7), (1, 8), (2, 1), (2, 2), (2, 3), (2, 4), (2, 5), (2, 6), (2, 7), (2, 8), (3, 1), (3, 2), (3, 3), (3, 4), (3, 5), (3, 6), (3, 7), (3, 8), (4, 1), (4, 2), (4, 3), (4, 4), (4, 5), (4, 6), (4, 7), (4, 8), (5, 1), (5, 2), (5, 3), (5, 4), (5, 5), (5, 6), (5, 7), (5, 8), (6, 1), (6, 2), (6, 3), (6, 4), (6, 5), (6, 6), (6, 7), (6, 8), (7, 1), (7, 2), (7, 3), (7, 4), (7, 5), (7, 6), (7, 7), (7, 8), (8, 1), (8, 2), (8, 3), (8, 4), (8, 5), (8, 6), (8, 7), (8, 8), (9, 1), (9, 2), (9, 3), (9, 4), (9, 5), (9, 6), (9, 7), (9, 8), (10, 1), (10, 2), (10, 3), (10, 4), (10, 5), (10, 6), (10, 7), (10, 8), (11, 1), (11, 2), (11, 3), (11, 4), (11, 5), (11, 6), (11, 7), (11, 8), (12, 1), (12, 2), (12, 3), (12, 4), (12, 5), (12, 6), (12, 7), (12, 8), (13, 1), (13, 2), (13, 3), (13, 4), (13, 5), (13, 6), (13, 7), (13, 8), (14, 1), (14, 2), (14, 3), (14, 4), (14, 5), (14, 6), (14, 7), (14, 8), (15, 1), (15, 2), (15, 3), (15, 4), (15, 5), (15, 6), (15, 7), (15, 8), (16, 1), (16, 2), (16, 3), (16, 4), (16, 5), (16, 6), (16, 7), (16, 8), (17, 1), (17, 2), (17, 3), (17, 4), (17, 5), (17, 6), (17, 7), (17, 8), (18, 1), (18, 2), (18, 3), (18, 4), (18, 5), (18, 6), (18, 7), (18, 8), (19, 1), (19, 2), (19, 3), (19, 4), (19, 5), (19, 6), (19, 7), (19, 8), (20, 1), (20, 2), (20, 3), (20, 4), (20, 5), (20, 6), (20, 7), (20, 8), (21, 1), (21, 2), (21, 3), (21, 4), (21, 5), (21, 6), (21, 7), (21, 8), (22, 1), (22, 2), (22, 3), (22, 4), (22, 5), (22, 6), (22, 7), (22, 8), (23, 1), (23, 2), (23, 3), (23, 4), (23, 5), (23, 6), (23, 7), (23, 8), (24, 1), (24, 2), (24, 3), (24, 4), (24, 5), (24, 6), (24, 7), (24, 8), (25, 1), (25, 2), (25, 3), (25, 4), (25, 5), (25, 6), (25, 7), (25, 8), (26, 1), (26, 2), (26, 3), (26, 4), (26, 5), (26, 6), (26, 7), (26, 8), (27, 1), (27, 2), (27, 3), (27, 4), (27, 5), (27, 6), (27, 7), (27, 8), (28, 1), (28, 2), (28, 3), (28, 4), (28, 5), (28, 6), (28, 7), (28, 8), (29, 1), (29, 2), (29, 3), (29, 4), (29, 5), (29, 6), (29, 7), (29, 8), (30, 1), (30, 2), (30, 3), (30, 4), (30, 5), (30, 6), (30, 7), (30, 8), (31, 1), (31, 2), (31, 3), (31, 4), (31, 5), (31, 6), (31, 7), (31, 8), (32, 1), (32, 2), (32, 3), (32, 4), (32, 5), (32, 6), (32, 7), (32, 8), (33, 1), (33, 2), (33, 3), (33, 4), (33, 5), (33, 6), (33, 7), (33, 8), (34, 1), (34, 2), (34, 3), (34, 4), (34, 5), (34, 6), (34, 7), (34, 8), (35, 1), (35, 2), (35, 3), (35, 4), (35, 5), (35, 6), (35, 7), (35, 8), (36, 1), (36, 2), (36, 3), (36, 4), (36, 5), (36, 6), (36, 7), (36, 8), (37, 1), (37, 2), (37, 3), (37, 4), (37, 5), (37, 6), (37, 7), (37, 8), (38, 1), (38, 2), (38, 3), (38, 4), (38, 5), (38, 6), (38, 7), (38, 8), (39, 1), (39, 2), (39, 3), (39, 4), (39, 5), (39, 6), (39, 7), (39, 8), (40, 1), (40, 2), (40, 3), (40, 4), (40, 5), (40, 6), (40, 7), (40, 8), (41, 1), (41, 2), (41, 3), (41, 4), (41, 5), (41, 6), (41, 7), (41, 8), (42, 1), (42, 2), (42, 3), (42, 4), (42, 5), (42, 6), (42, 7), (42, 8)]
2025-02-10 01:14:32,394 - INFO - Distribution: {1: []}
2025-02-10 01:14:34,484 - INFO - Displayed frame: HomeFrame
2025-02-10 01:14:35,761 - INFO - Displayed frame: EmploiDuTempsApp
2025-02-10 01:15:17,951 - INFO - Application starting...
2025-02-10 01:15:17,956 - INFO - Database file 'c:\Users\DELL\Desktop\cahier de texte avec tkinter - Copie\data\cahier_texte.db' was missing and has been created.
2025-02-10 01:15:18,071 - INFO - Database tables set up successfully.
2025-02-10 01:15:18,078 - INFO - Default admin user created (Username: admin, Password: admin123)
2025-02-10 01:15:18,080 - INFO - Inserted missing time slot: ('08:30', '09:30', 0, 'morning')
2025-02-10 01:15:18,080 - INFO - Inserted missing time slot: ('09:30', '10:30', 0, 'morning')
2025-02-10 01:15:18,080 - INFO - Inserted missing time slot: ('10:30', '11:30', 0, 'morning')
2025-02-10 01:15:18,080 - INFO - Inserted missing time slot: ('11:30', '12:30', 0, 'morning')
2025-02-10 01:15:18,081 - INFO - Inserted missing time slot: ('14:30', '15:30', 0, 'afternoon')
2025-02-10 01:15:18,081 - INFO - Inserted missing time slot: ('15:30', '16:30', 0, 'afternoon')
2025-02-10 01:15:18,081 - INFO - Inserted missing time slot: ('16:30', '17:30', 0, 'afternoon')
2025-02-10 01:15:18,081 - INFO - Inserted missing time slot: ('17:30', '18:30', 0, 'afternoon')
2025-02-10 01:15:18,081 - INFO - Inserted missing time slot: ('12:30', '14:30', 1, 'morning')
2025-02-10 01:15:18,087 - INFO - Time slots checked and initialized successfully
2025-02-10 01:15:18,089 - INFO - All required tables exist.
2025-02-10 01:15:18,095 - INFO - Successfully initialized LoginFrame
2025-02-10 01:15:18,806 - INFO - Successfully initialized HomeFrame
2025-02-10 01:15:20,219 - INFO - Successfully initialized EmploiDuTempsApp
2025-02-10 01:15:20,278 - INFO - Successfully initialized TabManagerFrame
2025-02-10 01:15:20,281 - INFO - Database tables set up successfully.
2025-02-10 01:15:20,281 - INFO - Admin user already exists.
2025-02-10 01:15:20,282 - INFO - Time slots checked and initialized successfully
2025-02-10 01:15:20,283 - INFO - All required tables exist.
2025-02-10 01:15:20,297 - ERROR - Database error fetching saved weeks: no such column: week_number
2025-02-10 01:15:20,302 - INFO - Successfully initialized SavedSchedulesFrame
2025-02-10 01:15:20,311 - INFO - Database tables set up successfully.
2025-02-10 01:15:20,311 - INFO - Admin user already exists.
2025-02-10 01:15:20,312 - INFO - Time slots checked and initialized successfully
2025-02-10 01:15:20,313 - INFO - All required tables exist.
2025-02-10 01:15:20,332 - INFO - Database tables set up successfully.
2025-02-10 01:15:20,332 - INFO - Admin user already exists.
2025-02-10 01:15:20,332 - INFO - Time slots checked and initialized successfully
2025-02-10 01:15:20,333 - INFO - All required tables exist.
2025-02-10 01:15:20,342 - INFO - Database tables set up successfully.
2025-02-10 01:15:20,343 - INFO - Admin user already exists.
2025-02-10 01:15:20,343 - INFO - Time slots checked and initialized successfully
2025-02-10 01:15:20,349 - INFO - Basic data (days) initialized successfully
2025-02-10 01:15:20,366 - ERROR - Error parsing week: list index out of range
2025-02-10 01:15:21,950 - INFO - Successfully initialized CahierTextFrame
2025-02-10 01:15:21,968 - INFO - Successfully initialized ExcelImporterFrame
2025-02-10 01:15:21,970 - INFO - Database tables set up successfully.
2025-02-10 01:15:21,970 - INFO - Admin user already exists.
2025-02-10 01:15:21,970 - INFO - Time slots checked and initialized successfully
2025-02-10 01:15:21,971 - INFO - All required tables exist.
2025-02-10 01:15:21,972 - INFO - DatabaseManager initialized successfully.
2025-02-10 01:15:21,978 - INFO - Displayed frame: LoginFrame
2025-02-10 01:15:23,272 - INFO - Displayed frame: HomeFrame
2025-02-10 01:15:24,255 - INFO - Displayed frame: EmploiDuTempsApp
2025-02-10 01:15:27,239 - INFO - Displayed frame: HomeFrame
2025-02-10 01:15:28,650 - INFO - Displayed frame: TabManagerFrame
2025-02-10 01:15:42,980 - INFO - Displayed frame: HomeFrame
2025-02-10 01:15:44,009 - INFO - Displayed frame: EmploiDuTempsApp
2025-02-10 01:16:12,313 - INFO - Displayed frame: HomeFrame
2025-02-10 01:16:14,110 - INFO - Displayed frame: EmploiDuTempsApp
2025-02-10 01:16:15,806 - INFO - Displayed frame: HomeFrame
2025-02-10 01:16:16,722 - INFO - Displayed frame: CahierTextFrame
2025-02-10 01:16:18,511 - INFO - Distributing courses for week 36...
2025-02-10 01:16:18,511 - INFO - Fetching valid slots for week 36
2025-02-10 01:16:18,511 - INFO - Valid slots: [(1, 1), (1, 2), (1, 3), (1, 4), (1, 5), (1, 6), (1, 7), (1, 8), (2, 1), (2, 2), (2, 3), (2, 4), (2, 5), (2, 6), (2, 7), (2, 8), (3, 1), (3, 2), (3, 3), (3, 4), (3, 5), (3, 6), (3, 7), (3, 8), (4, 1), (4, 2), (4, 3), (4, 4), (4, 5), (4, 6), (4, 7), (4, 8), (5, 1), (5, 2), (5, 3), (5, 4), (5, 5), (5, 6), (5, 7), (5, 8), (6, 1), (6, 2), (6, 3), (6, 4), (6, 5), (6, 6), (6, 7), (6, 8)]
2025-02-10 01:16:18,512 - ERROR - Error distributing ma_table values: no such column: year
2025-02-10 01:16:33,412 - INFO - Distributing courses for week 37...
2025-02-10 01:16:33,413 - INFO - Fetching valid slots for week 37
2025-02-10 01:16:33,413 - INFO - Valid slots: [(1, 1), (1, 2), (1, 3), (1, 4), (1, 5), (1, 6), (1, 7), (1, 8), (2, 1), (2, 2), (2, 3), (2, 4), (2, 5), (2, 6), (2, 7), (2, 8), (3, 1), (3, 2), (3, 3), (3, 4), (3, 5), (3, 6), (3, 7), (3, 8), (4, 1), (4, 2), (4, 3), (4, 4), (4, 5), (4, 6), (4, 7), (4, 8), (5, 1), (5, 2), (5, 3), (5, 4), (5, 5), (5, 6), (5, 7), (5, 8), (6, 1), (6, 2), (6, 3), (6, 4), (6, 5), (6, 6), (6, 7), (6, 8)]
2025-02-10 01:16:33,414 - ERROR - Error distributing ma_table values: no such column: year
2025-02-10 01:17:28,659 - INFO - Starting grouped PDF generation...
2025-02-10 01:17:28,660 - INFO - Initial schedule state created with 9 rows
2025-02-10 01:17:28,660 - INFO - Processing day: Lundi at column 1
2025-02-10 01:17:28,661 - INFO - Processing day: Mardi at column 2
2025-02-10 01:17:28,661 - INFO - Processing day: Mercredi at column 3
2025-02-10 01:17:28,662 - INFO - Processing day: Jeudi at column 4
2025-02-10 01:17:28,662 - INFO - Processing day: Vendredi at column 5
2025-02-10 01:17:28,665 - INFO - Processing day: Samedi at column 6
2025-02-10 01:17:28,666 - INFO - Final schedule state has 9 rows
2025-02-10 01:17:28,668 - INFO - PDF data grouped by class/event: {'z': [{'date': '2024-09-11', 'time': '08:30 - 09:30', 'content': '', 'observation': ''}]}
2025-02-12 00:51:13,865 - INFO - Application starting...
2025-02-12 00:51:13,909 - INFO - Database tables set up successfully.
2025-02-12 00:51:13,910 - INFO - Admin user already exists.
2025-02-12 00:51:13,911 - INFO - Time slots checked and initialized successfully
2025-02-12 00:51:13,912 - INFO - All required tables exist.
2025-02-12 00:51:13,932 - INFO - Successfully initialized LoginFrame
2025-02-12 00:51:15,824 - INFO - Successfully initialized HomeFrame
2025-02-12 00:51:20,191 - INFO - Successfully initialized EmploiDuTempsApp
2025-02-12 00:51:20,239 - INFO - Successfully initialized TabManagerFrame
2025-02-12 00:51:20,242 - INFO - Database tables set up successfully.
2025-02-12 00:51:20,242 - INFO - Admin user already exists.
2025-02-12 00:51:20,242 - INFO - Time slots checked and initialized successfully
2025-02-12 00:51:20,243 - INFO - All required tables exist.
2025-02-12 00:51:20,255 - ERROR - Database error fetching saved weeks: no such column: week_number
2025-02-12 00:51:20,264 - INFO - Successfully initialized SavedSchedulesFrame
2025-02-12 00:51:20,268 - INFO - Database tables set up successfully.
2025-02-12 00:51:20,268 - INFO - Admin user already exists.
2025-02-12 00:51:20,268 - INFO - Time slots checked and initialized successfully
2025-02-12 00:51:20,270 - INFO - All required tables exist.
2025-02-12 00:51:20,273 - INFO - Database tables set up successfully.
2025-02-12 00:51:20,274 - INFO - Admin user already exists.
2025-02-12 00:51:20,274 - INFO - Time slots checked and initialized successfully
2025-02-12 00:51:20,276 - INFO - All required tables exist.
2025-02-12 00:51:20,279 - INFO - Database tables set up successfully.
2025-02-12 00:51:20,280 - INFO - Admin user already exists.
2025-02-12 00:51:20,280 - INFO - Time slots checked and initialized successfully
2025-02-12 00:51:20,295 - INFO - Basic data (days) initialized successfully
2025-02-12 00:51:20,316 - ERROR - Error parsing week: list index out of range
2025-02-12 00:51:21,539 - INFO - Successfully initialized CahierTextFrame
2025-02-12 00:51:21,557 - INFO - Successfully initialized ExcelImporterFrame
2025-02-12 00:51:21,560 - INFO - Database tables set up successfully.
2025-02-12 00:51:21,561 - INFO - Admin user already exists.
2025-02-12 00:51:21,561 - INFO - Time slots checked and initialized successfully
2025-02-12 00:51:21,562 - INFO - All required tables exist.
2025-02-12 00:51:21,562 - INFO - DatabaseManager initialized successfully.
2025-02-12 00:51:21,566 - INFO - Displayed frame: LoginFrame
2025-02-12 00:51:22,596 - INFO - Displayed frame: HomeFrame
2025-02-12 00:51:23,385 - INFO - Displayed frame: CahierTextFrame
2025-02-12 00:51:33,062 - INFO - Distributing courses for week 3...
2025-02-12 00:51:33,063 - INFO - Fetching valid slots for week 3
2025-02-12 00:51:33,064 - INFO - Valid slots: [(1, 1), (1, 2), (1, 3), (1, 4), (1, 5), (1, 6), (1, 7), (1, 8), (2, 1), (2, 2), (2, 3), (2, 4), (2, 5), (2, 6), (2, 7), (2, 8), (3, 1), (3, 2), (3, 3), (3, 4), (3, 5), (3, 6), (3, 7), (3, 8), (4, 1), (4, 2), (4, 3), (4, 4), (4, 5), (4, 6), (4, 7), (4, 8), (5, 1), (5, 2), (5, 3), (5, 4), (5, 5), (5, 6), (5, 7), (5, 8), (6, 1), (6, 2), (6, 3), (6, 4), (6, 5), (6, 6), (6, 7), (6, 8), (7, 1), (7, 2), (7, 3), (7, 4), (7, 5), (7, 6), (7, 7), (7, 8), (8, 1), (8, 2), (8, 3), (8, 4), (8, 5), (8, 6), (8, 7), (8, 8), (9, 1), (9, 2), (9, 3), (9, 4), (9, 5), (9, 6), (9, 7), (9, 8), (10, 1), (10, 2), (10, 3), (10, 4), (10, 5), (10, 6), (10, 7), (10, 8), (11, 1), (11, 2), (11, 3), (11, 4), (11, 5), (11, 6), (11, 7), (11, 8), (12, 1), (12, 2), (12, 3), (12, 4), (12, 5), (12, 6), (12, 7), (12, 8)]
2025-02-12 00:51:33,066 - ERROR - Error distributing ma_table values: no such column: year
2025-02-12 00:52:03,408 - INFO - Distributing courses for week 7...
2025-02-12 00:52:03,408 - INFO - Fetching valid slots for week 7
2025-02-12 00:52:03,409 - INFO - Valid slots: [(1, 1), (1, 2), (1, 3), (1, 4), (1, 5), (1, 6), (1, 7), (1, 8), (2, 1), (2, 2), (2, 3), (2, 4), (2, 5), (2, 6), (2, 7), (2, 8), (3, 1), (3, 2), (3, 3), (3, 4), (3, 5), (3, 6), (3, 7), (3, 8), (4, 1), (4, 2), (4, 3), (4, 4), (4, 5), (4, 6), (4, 7), (4, 8), (5, 1), (5, 2), (5, 3), (5, 4), (5, 5), (5, 6), (5, 7), (5, 8), (6, 1), (6, 2), (6, 3), (6, 4), (6, 5), (6, 6), (6, 7), (6, 8), (7, 1), (7, 2), (7, 3), (7, 4), (7, 5), (7, 6), (7, 7), (7, 8), (8, 1), (8, 2), (8, 3), (8, 4), (8, 5), (8, 6), (8, 7), (8, 8), (9, 1), (9, 2), (9, 3), (9, 4), (9, 5), (9, 6), (9, 7), (9, 8), (10, 1), (10, 2), (10, 3), (10, 4), (10, 5), (10, 6), (10, 7), (10, 8), (11, 1), (11, 2), (11, 3), (11, 4), (11, 5), (11, 6), (11, 7), (11, 8), (12, 1), (12, 2), (12, 3), (12, 4), (12, 5), (12, 6), (12, 7), (12, 8)]
2025-02-12 00:52:03,410 - ERROR - Error distributing ma_table values: no such column: year
2025-02-12 00:52:10,250 - INFO - Displayed frame: HomeFrame
2025-02-12 00:52:12,357 - INFO - Displayed frame: EmploiDuTempsApp
2025-02-12 00:52:18,743 - INFO - Displayed frame: HomeFrame
2025-02-12 00:52:19,670 - INFO - Displayed frame: TabManagerFrame
2025-02-12 00:54:13,312 - INFO - Displayed frame: HomeFrame
2025-02-12 00:54:14,466 - INFO - Displayed frame: EmploiDuTempsApp
2025-02-12 00:56:02,052 - INFO - Displayed frame: HomeFrame
2025-02-12 00:56:03,113 - INFO - Displayed frame: CahierTextFrame
2025-02-12 00:56:04,619 - INFO - Distributing courses for week 7...
2025-02-12 00:56:04,620 - INFO - Fetching valid slots for week 7
2025-02-12 00:56:04,620 - INFO - Valid slots: [(1, 1), (1, 2), (1, 3), (1, 4), (1, 5), (1, 6), (1, 7), (1, 8), (2, 1), (2, 2), (2, 3), (2, 4), (2, 5), (2, 6), (2, 7), (2, 8), (3, 1), (3, 2), (3, 3), (3, 4), (3, 5), (3, 6), (3, 7), (3, 8), (4, 1), (4, 2), (4, 3), (4, 4), (4, 5), (4, 6), (4, 7), (4, 8), (5, 1), (5, 2), (5, 3), (5, 4), (5, 5), (5, 6), (5, 7), (5, 8), (6, 1), (6, 2), (6, 3), (6, 4), (6, 5), (6, 6), (6, 7), (6, 8), (7, 1), (7, 2), (7, 3), (7, 4), (7, 5), (7, 6), (7, 7), (7, 8), (8, 1), (8, 2), (8, 3), (8, 4), (8, 5), (8, 6), (8, 7), (8, 8), (9, 1), (9, 2), (9, 3), (9, 4), (9, 5), (9, 6), (9, 7), (9, 8), (10, 1), (10, 2), (10, 3), (10, 4), (10, 5), (10, 6), (10, 7), (10, 8), (11, 1), (11, 2), (11, 3), (11, 4), (11, 5), (11, 6), (11, 7), (11, 8), (12, 1), (12, 2), (12, 3), (12, 4), (12, 5), (12, 6), (12, 7), (12, 8)]
2025-02-12 00:56:04,621 - ERROR - Error distributing ma_table values: no such column: year
2025-02-12 00:56:12,306 - INFO - Displayed frame: HomeFrame
2025-02-12 00:56:13,886 - INFO - Displayed frame: CahierTextFrame
2025-02-12 00:56:19,887 - INFO - Displayed frame: HomeFrame
2025-02-12 00:56:21,383 - INFO - Displayed frame: CahierTextFrame
2025-02-12 00:56:52,066 - INFO - Starting grouped PDF generation...
2025-02-12 00:56:52,066 - INFO - Initial schedule state created with 9 rows
2025-02-12 00:56:52,066 - INFO - Processing day: Lundi at column 1
2025-02-12 00:56:52,066 - INFO - Processing day: Mardi at column 2
2025-02-12 00:56:52,066 - INFO - Processing day: Mercredi at column 3
2025-02-12 00:56:52,067 - INFO - Processing day: Jeudi at column 4
2025-02-12 00:56:52,067 - INFO - Processing day: Vendredi at column 5
2025-02-12 00:56:52,067 - INFO - Processing day: Samedi at column 6
2025-02-12 00:56:52,067 - INFO - Final schedule state has 9 rows
2025-02-12 00:56:52,067 - INFO - PDF data grouped by class/event: {'TCLSHF 1': [{'date': '2025-02-12', 'time': '08:30 - 09:30', 'content': '', 'observation': ''}, {'date': '2025-02-10', 'time': '15:30 - 16:30', 'content': '', 'observation': ''}], 'TCSF 5': [{'date': '2025-02-13', 'time': '08:30 - 09:30', 'content': '', 'observation': ''}, {'date': '2025-02-11', 'time': '17:30 - 18:30', 'content': '', 'observation': ''}], 'TCSF 1': [{'date': '2025-02-14', 'time': '08:30 - 09:30', 'content': '', 'observation': ''}, {'date': '2025-02-11', 'time': '16:30 - 17:30', 'content': '', 'observation': ''}], 'TCSF 6': [{'date': '2025-02-12', 'time': '09:30 - 10:30', 'content': '', 'observation': ''}, {'date': '2025-02-10', 'time': '16:30 - 17:30', 'content': '', 'observation': ''}], 'TCSF 3': [{'date': '2025-02-13', 'time': '09:30 - 10:30', 'content': '', 'observation': ''}, {'date': '2025-02-10', 'time': '14:30 - 15:30', 'content': '', 'observation': ''}], 'TCSF 2': [{'date': '2025-02-14', 'time': '09:30 - 10:30', 'content': '', 'observation': ''}, {'date': '2025-02-10', 'time': '17:30 - 18:30', 'content': '', 'observation': ''}], 'TCSF 4': [{'date': '2025-02-14', 'time': '10:30 - 11:30', 'content': '', 'observation': ''}, {'date': '2025-02-11', 'time': '14:30 - 15:30', 'content': '', 'observation': ''}], 'TCLSHF 2': [{'date': '2025-02-14', 'time': '11:30 - 12:30', 'content': '', 'observation': ''}, {'date': '2025-02-11', 'time': '15:30 - 16:30', 'content': '', 'observation': ''}]}
2025-02-12 00:56:56,317 - INFO - Starting PDF generation...
2025-02-12 00:56:56,317 - INFO - Added headers: ['Horaire', 'Lundi', 'Mardi', 'Mercredi', 'Jeudi', 'Vendredi', 'Samedi']
2025-02-12 00:56:56,318 - INFO - Initial schedule state created with 9 rows
2025-02-12 00:56:56,318 - INFO - Processing day: Lundi at column 1
2025-02-12 00:56:56,318 - INFO - Processing day: Mardi at column 2
2025-02-12 00:56:56,318 - INFO - Processing day: Mercredi at column 3
2025-02-12 00:56:56,318 - INFO - Processing day: Jeudi at column 4
2025-02-12 00:56:56,318 - INFO - Processing day: Vendredi at column 5
2025-02-12 00:56:56,319 - INFO - Processing day: Samedi at column 6
2025-02-12 00:56:56,319 - INFO - Final data structure has 11 rows
2025-02-12 00:56:56,319 - INFO - Row 0: ['Semaine 7 - du 10/02/2025 au 15/02/2025']
2025-02-12 00:56:56,319 - INFO - Row 1: ['Horaire', 'Lundi', 'Mardi', 'Mercredi', 'Jeudi', 'Vendredi', 'Samedi']
2025-02-12 00:56:56,319 - INFO - Row 2: ['08:30 - 09:30', '', '', 'TCLSHF 1', 'TCSF 5', 'TCSF 1', '']
2025-02-12 00:56:56,319 - INFO - Row 3: ['09:30 - 10:30', '', '', 'TCSF 6', 'TCSF 3', 'TCSF 2', '']
2025-02-12 00:56:56,319 - INFO - Row 4: ['10:30 - 11:30', '', '', '', '', 'TCSF 4', '']
2025-02-12 00:56:56,319 - INFO - Row 5: ['11:30 - 12:30', '', '', '', '', 'TCLSHF 2', '']
2025-02-12 00:56:56,319 - INFO - Row 6: ['12:30 - 14:30', 'Pause DÈjeuner', 'Pause DÈjeuner', 'Pause DÈjeuner', 'Pause DÈjeuner', 'Pause DÈjeuner', 'Pause DÈjeuner']
2025-02-12 00:56:56,319 - INFO - Row 7: ['14:30 - 15:30', 'TCSF 3', 'TCSF 4', '', '', '', '']
2025-02-12 00:56:56,319 - INFO - Row 8: ['15:30 - 16:30', 'TCLSHF 1', 'TCLSHF 2', '', '', '', '']
2025-02-12 00:56:56,319 - INFO - Row 9: ['16:30 - 17:30', 'TCSF 6', 'TCSF 1', '', '', '', '']
2025-02-12 00:56:56,320 - INFO - Row 10: ['17:30 - 18:30', 'TCSF 2', 'TCSF 5', '', '', '', '']
2025-02-12 00:57:02,220 - INFO - Starting PDF generation with reportlab
2025-02-12 00:57:02,310 - INFO - Successfully generated single-page PDF
2025-02-12 00:57:29,088 - INFO - Displayed frame: HomeFrame
2025-02-12 00:57:30,855 - INFO - Displayed frame: CahierTextFrame
2025-02-12 00:58:21,144 - INFO - Starting PDF generation...
2025-02-12 00:58:21,144 - INFO - Added headers: ['Horaire', 'Lundi', 'Mardi', 'Mercredi', 'Jeudi', 'Vendredi', 'Samedi']
2025-02-12 00:58:21,144 - INFO - Initial schedule state created with 9 rows
2025-02-12 00:58:21,144 - INFO - Processing day: Lundi at column 1
2025-02-12 00:58:21,144 - INFO - Processing day: Mardi at column 2
2025-02-12 00:58:21,145 - INFO - Processing day: Mercredi at column 3
2025-02-12 00:58:21,145 - INFO - Processing day: Jeudi at column 4
2025-02-12 00:58:21,145 - INFO - Processing day: Vendredi at column 5
2025-02-12 00:58:21,145 - INFO - Processing day: Samedi at column 6
2025-02-12 00:58:21,145 - INFO - Final data structure has 11 rows
2025-02-12 00:58:21,145 - INFO - Row 0: ['Semaine 7 - du 10/02/2025 au 15/02/2025']
2025-02-12 00:58:21,145 - INFO - Row 1: ['Horaire', 'Lundi', 'Mardi', 'Mercredi', 'Jeudi', 'Vendredi', 'Samedi']
2025-02-12 00:58:21,145 - INFO - Row 2: ['08:30 - 09:30', '', '', 'TCLSHF 1\n-\t\t\t\t\n\t\t\t\t\t\t\t\t-', 'TCSF 5\n-\t\t\t\t\n\t\t\t\t\t\t\t\t-', 'TCSF 1\n-\t\t\t\t\n\t\t\t\t\t\t\t\t-', '']
2025-02-12 00:58:21,146 - INFO - Row 3: ['09:30 - 10:30', '', '', 'TCSF 6\n-\t\t\t\t\n\t\t\t\t\t\t\t\t-', 'TCSF 3\n-\t\t\t\t\n\t\t\t\t\t\t\t\t-', 'TCSF 2\n-\t\t\t\t\n\t\t\t\t\t\t\t\t-', '']
2025-02-12 00:58:21,146 - INFO - Row 4: ['10:30 - 11:30', '', '', '', '', 'TCSF 4\n-\t\t\t\t\n\t\t\t\t\t\t\t\t-', '']
2025-02-12 00:58:21,146 - INFO - Row 5: ['11:30 - 12:30', '', '', '', '', 'TCLSHF 2\n-\t\t\t\t\n\t\t\t\t\t\t\t\t-', '']
2025-02-12 00:58:21,146 - INFO - Row 6: ['12:30 - 14:30', 'Pause DÈjeuner', 'Pause DÈjeuner', 'Pause DÈjeuner', 'Pause DÈjeuner', 'Pause DÈjeuner', 'Pause DÈjeuner']
2025-02-12 00:58:21,146 - INFO - Row 7: ['14:30 - 15:30', 'TCSF 3\n-\t\t\t\t\n\t\t\t\t\t\t\t\t-', 'TCSF 4\n-\t\t\t\t\n\t\t\t\t\t\t\t\t-', '', '', '', '']
2025-02-12 00:58:21,146 - INFO - Row 8: ['15:30 - 16:30', 'TCLSHF 1\n-\t\t\t\t\n\t\t\t\t\t\t\t\t-', 'TCLSHF 2\n-\t\t\t\t\n\t\t\t\t\t\t\t\t-', '', '', '', '']
2025-02-12 00:58:21,146 - INFO - Row 9: ['16:30 - 17:30', 'TCSF 6\n-\t\t\t\t\n\t\t\t\t\t\t\t\t-', 'TCSF 1\n-\t\t\t\t\n\t\t\t\t\t\t\t\t-', '', '', '', '']
2025-02-12 00:58:21,146 - INFO - Row 10: ['17:30 - 18:30', 'TCSF 2\n-\t\t\t\t\n\t\t\t\t\t\t\t\t-', 'TCSF 5\n-\t\t\t\t\n\t\t\t\t\t\t\t\t-', '', '', '', '']
2025-02-12 00:58:24,533 - INFO - Starting PDF generation with reportlab
2025-02-12 00:58:24,622 - INFO - Successfully generated single-page PDF
2025-02-12 00:59:27,501 - INFO - Distributing courses for week 6...
2025-02-12 00:59:27,501 - INFO - Fetching valid slots for week 6
2025-02-12 00:59:27,502 - INFO - Valid slots: [(1, 1), (1, 2), (1, 3), (1, 4), (1, 5), (1, 6), (1, 7), (1, 8), (2, 1), (2, 2), (2, 3), (2, 4), (2, 5), (2, 6), (2, 7), (2, 8), (3, 1), (3, 2), (3, 3), (3, 4), (3, 5), (3, 6), (3, 7), (3, 8), (4, 1), (4, 2), (4, 3), (4, 4), (4, 5), (4, 6), (4, 7), (4, 8), (5, 1), (5, 2), (5, 3), (5, 4), (5, 5), (5, 6), (5, 7), (5, 8), (6, 1), (6, 2), (6, 3), (6, 4), (6, 5), (6, 6), (6, 7), (6, 8), (7, 1), (7, 2), (7, 3), (7, 4), (7, 5), (7, 6), (7, 7), (7, 8), (8, 1), (8, 2), (8, 3), (8, 4), (8, 5), (8, 6), (8, 7), (8, 8), (9, 1), (9, 2), (9, 3), (9, 4), (9, 5), (9, 6), (9, 7), (9, 8), (10, 1), (10, 2), (10, 3), (10, 4), (10, 5), (10, 6), (10, 7), (10, 8), (11, 1), (11, 2), (11, 3), (11, 4), (11, 5), (11, 6), (11, 7), (11, 8), (12, 1), (12, 2), (12, 3), (12, 4), (12, 5), (12, 6), (12, 7), (12, 8)]
2025-02-12 00:59:27,503 - ERROR - Error distributing ma_table values: no such column: year
2025-02-12 00:59:30,800 - INFO - Distributing courses for week 6...
2025-02-12 00:59:30,801 - INFO - Fetching valid slots for week 6
2025-02-12 00:59:30,801 - INFO - Valid slots: [(1, 1), (1, 2), (1, 3), (1, 4), (1, 5), (1, 6), (1, 7), (1, 8), (2, 1), (2, 2), (2, 3), (2, 4), (2, 5), (2, 6), (2, 7), (2, 8), (3, 1), (3, 2), (3, 3), (3, 4), (3, 5), (3, 6), (3, 7), (3, 8), (4, 1), (4, 2), (4, 3), (4, 4), (4, 5), (4, 6), (4, 7), (4, 8), (5, 1), (5, 2), (5, 3), (5, 4), (5, 5), (5, 6), (5, 7), (5, 8), (6, 1), (6, 2), (6, 3), (6, 4), (6, 5), (6, 6), (6, 7), (6, 8), (7, 1), (7, 2), (7, 3), (7, 4), (7, 5), (7, 6), (7, 7), (7, 8), (8, 1), (8, 2), (8, 3), (8, 4), (8, 5), (8, 6), (8, 7), (8, 8), (9, 1), (9, 2), (9, 3), (9, 4), (9, 5), (9, 6), (9, 7), (9, 8), (10, 1), (10, 2), (10, 3), (10, 4), (10, 5), (10, 6), (10, 7), (10, 8), (11, 1), (11, 2), (11, 3), (11, 4), (11, 5), (11, 6), (11, 7), (11, 8), (12, 1), (12, 2), (12, 3), (12, 4), (12, 5), (12, 6), (12, 7), (12, 8)]
2025-02-12 00:59:30,802 - ERROR - Error distributing ma_table values: no such column: year
2025-02-12 00:59:38,949 - INFO - Distributing courses for week 7...
2025-02-12 00:59:38,949 - INFO - Fetching valid slots for week 7
2025-02-12 00:59:38,949 - INFO - Valid slots: [(1, 1), (1, 2), (1, 3), (1, 4), (1, 5), (1, 6), (1, 7), (1, 8), (2, 1), (2, 2), (2, 3), (2, 4), (2, 5), (2, 6), (2, 7), (2, 8), (3, 1), (3, 2), (3, 3), (3, 4), (3, 5), (3, 6), (3, 7), (3, 8), (4, 1), (4, 2), (4, 3), (4, 4), (4, 5), (4, 6), (4, 7), (4, 8), (5, 1), (5, 2), (5, 3), (5, 4), (5, 5), (5, 6), (5, 7), (5, 8), (6, 1), (6, 2), (6, 3), (6, 4), (6, 5), (6, 6), (6, 7), (6, 8), (7, 1), (7, 2), (7, 3), (7, 4), (7, 5), (7, 6), (7, 7), (7, 8), (8, 1), (8, 2), (8, 3), (8, 4), (8, 5), (8, 6), (8, 7), (8, 8), (9, 1), (9, 2), (9, 3), (9, 4), (9, 5), (9, 6), (9, 7), (9, 8), (10, 1), (10, 2), (10, 3), (10, 4), (10, 5), (10, 6), (10, 7), (10, 8), (11, 1), (11, 2), (11, 3), (11, 4), (11, 5), (11, 6), (11, 7), (11, 8), (12, 1), (12, 2), (12, 3), (12, 4), (12, 5), (12, 6), (12, 7), (12, 8)]
2025-02-12 00:59:38,950 - ERROR - Error distributing ma_table values: no such column: year
2025-02-12 00:59:52,562 - INFO - Displayed frame: HomeFrame
2025-02-12 00:59:54,364 - INFO - Displayed frame: ExcelImporterFrame
2025-02-12 01:00:50,789 - INFO - Displayed frame: HomeFrame
2025-02-12 01:00:51,931 - INFO - Displayed frame: CahierTextFrame
2025-02-12 01:02:33,348 - INFO - Displayed frame: HomeFrame
2025-02-12 01:02:35,120 - INFO - Displayed frame: CahierTextFrame
2025-02-12 01:02:51,692 - INFO - Starting PDF generation...
2025-02-12 01:02:51,692 - INFO - Added headers: ['Horaire', 'Lundi', 'Mardi', 'Mercredi', 'Jeudi', 'Vendredi', 'Samedi']
2025-02-12 01:02:51,693 - INFO - Initial schedule state created with 9 rows
2025-02-12 01:02:51,693 - INFO - Processing day: Lundi at column 1
2025-02-12 01:02:51,693 - INFO - Processing day: Mardi at column 2
2025-02-12 01:02:51,693 - INFO - Processing day: Mercredi at column 3
2025-02-12 01:02:51,693 - INFO - Processing day: Jeudi at column 4
2025-02-12 01:02:51,693 - INFO - Processing day: Vendredi at column 5
2025-02-12 01:02:51,694 - INFO - Processing day: Samedi at column 6
2025-02-12 01:02:51,694 - INFO - Final data structure has 11 rows
2025-02-12 01:02:51,694 - INFO - Row 0: ['Semaine 7 - du 10/02/2025 au 15/02/2025']
2025-02-12 01:02:51,694 - INFO - Row 1: ['Horaire', 'Lundi', 'Mardi', 'Mercredi', 'Jeudi', 'Vendredi', 'Samedi']
2025-02-12 01:02:51,694 - INFO - Row 2: ['08:30 - 09:30', '', '', "TCLSHF 1\nAtelier 2\t…laboration et mise en forme d'un tableau (suite)\nAtelier 3\tFormules de calcul et fonctions", 'TCSF 5', 'TCSF 1', '']
2025-02-12 01:02:51,694 - INFO - Row 3: ['09:30 - 10:30', '', '', 'TCSF 6', 'TCSF 3', 'TCSF 2', '']
2025-02-12 01:02:51,694 - INFO - Row 4: ['10:30 - 11:30', '', '', '', '', 'TCSF 4', '']
2025-02-12 01:02:51,694 - INFO - Row 5: ['11:30 - 12:30', '', '', '', '', 'TCLSHF 2', '']
2025-02-12 01:02:51,694 - INFO - Row 6: ['12:30 - 14:30', 'Pause DÈjeuner', 'Pause DÈjeuner', 'Pause DÈjeuner', 'Pause DÈjeuner', 'Pause DÈjeuner', 'Pause DÈjeuner']
2025-02-12 01:02:51,694 - INFO - Row 7: ['14:30 - 15:30', 'TCSF 3\nAtelier 1\tGestion du classeur et des feuilles de calcul', "TCSF 4\nAtelier 2\t…laboration et mise en forme d'un tableau", '', '', '', '']
2025-02-12 01:02:51,694 - INFO - Row 8: ['15:30 - 16:30', "TCLSHF 1\nAtelier 2\t…laboration et mise en forme d'un tableau", "TCLSHF 2\nAtelier 2\t…laboration et mise en forme d'un tableau", '', '', '', '']
2025-02-12 01:02:51,694 - INFO - Row 9: ['16:30 - 17:30', "TCSF 6\nAtelier 2\t…laboration et mise en forme d'un tableau", "TCSF 1\nAtelier 2\t…laboration et mise en forme d'un tableau", '', '', '', '']
2025-02-12 01:02:51,694 - INFO - Row 10: ['17:30 - 18:30', "TCSF 2\nAtelier 2\t…laboration et mise en forme d'un tableau", 'TCSF 5\nAtelier 1\tGestion du classeur et des feuilles de calcul', '', '', '', '']
2025-02-12 01:02:54,408 - INFO - Starting PDF generation with reportlab
2025-02-12 01:02:54,499 - INFO - Successfully generated single-page PDF
2025-04-23 21:18:11,042 - INFO - Application starting...
2025-04-23 21:18:11,078 - INFO - Database tables set up successfully.
2025-04-23 21:18:11,078 - INFO - Admin user already exists.
2025-04-23 21:18:11,078 - INFO - Time slots checked and initialized successfully
2025-04-23 21:18:11,078 - INFO - All required tables exist.
2025-04-23 21:18:11,095 - INFO - Successfully initialized LoginFrame
2025-04-23 21:18:12,664 - INFO - Successfully initialized HomeFrame
2025-04-23 21:18:15,470 - INFO - Successfully initialized EmploiDuTempsApp
2025-04-23 21:18:15,567 - INFO - Successfully initialized TabManagerFrame
2025-04-23 21:18:15,571 - INFO - Database tables set up successfully.
2025-04-23 21:18:15,572 - INFO - Admin user already exists.
2025-04-23 21:18:15,572 - INFO - Time slots checked and initialized successfully
2025-04-23 21:18:15,574 - INFO - All required tables exist.
2025-04-23 21:18:15,586 - ERROR - Database error fetching saved weeks: no such column: week_number
2025-04-23 21:18:15,594 - INFO - Successfully initialized SavedSchedulesFrame
2025-04-23 21:18:15,598 - INFO - Database tables set up successfully.
2025-04-23 21:18:15,600 - INFO - Admin user already exists.
2025-04-23 21:18:15,600 - INFO - Time slots checked and initialized successfully
2025-04-23 21:18:15,600 - INFO - All required tables exist.
2025-04-23 21:18:15,605 - INFO - Database tables set up successfully.
2025-04-23 21:18:15,605 - INFO - Admin user already exists.
2025-04-23 21:18:15,605 - INFO - Time slots checked and initialized successfully
2025-04-23 21:18:15,608 - INFO - All required tables exist.
2025-04-23 21:18:15,611 - INFO - Database tables set up successfully.
2025-04-23 21:18:15,611 - INFO - Admin user already exists.
2025-04-23 21:18:15,612 - INFO - Time slots checked and initialized successfully
2025-04-23 21:18:15,642 - INFO - Basic data (days) initialized successfully
2025-04-23 21:18:15,661 - ERROR - Error parsing week: list index out of range
2025-04-23 21:18:17,146 - INFO - Successfully initialized CahierTextFrame
2025-04-23 21:18:17,166 - INFO - Successfully initialized ExcelImporterFrame
2025-04-23 21:18:17,170 - INFO - Database tables set up successfully.
2025-04-23 21:18:17,170 - INFO - Admin user already exists.
2025-04-23 21:18:17,171 - INFO - Time slots checked and initialized successfully
2025-04-23 21:18:17,172 - INFO - All required tables exist.
2025-04-23 21:18:17,172 - INFO - DatabaseManager initialized successfully.
2025-04-23 21:18:17,172 - INFO - Displayed frame: LoginFrame
2025-04-23 21:18:18,423 - INFO - Displayed frame: HomeFrame
2025-04-23 21:18:20,234 - INFO - Displayed frame: CahierTextFrame
2025-04-23 21:18:22,238 - INFO - Distributing courses for week 8...
2025-04-23 21:18:22,239 - INFO - Fetching valid slots for week 8
2025-04-23 21:18:22,239 - INFO - Valid slots: [(1, 1), (1, 2), (1, 3), (1, 4), (1, 5), (1, 6), (1, 7), (1, 8), (2, 1), (2, 2), (2, 3), (2, 4), (2, 5), (2, 6), (2, 7), (2, 8), (3, 1), (3, 2), (3, 3), (3, 4), (3, 5), (3, 6), (3, 7), (3, 8), (4, 1), (4, 2), (4, 3), (4, 4), (4, 5), (4, 6), (4, 7), (4, 8), (5, 1), (5, 2), (5, 3), (5, 4), (5, 5), (5, 6), (5, 7), (5, 8), (6, 1), (6, 2), (6, 3), (6, 4), (6, 5), (6, 6), (6, 7), (6, 8), (7, 1), (7, 2), (7, 3), (7, 4), (7, 5), (7, 6), (7, 7), (7, 8), (8, 1), (8, 2), (8, 3), (8, 4), (8, 5), (8, 6), (8, 7), (8, 8), (9, 1), (9, 2), (9, 3), (9, 4), (9, 5), (9, 6), (9, 7), (9, 8), (10, 1), (10, 2), (10, 3), (10, 4), (10, 5), (10, 6), (10, 7), (10, 8), (11, 1), (11, 2), (11, 3), (11, 4), (11, 5), (11, 6), (11, 7), (11, 8), (12, 1), (12, 2), (12, 3), (12, 4), (12, 5), (12, 6), (12, 7), (12, 8), (13, 1), (13, 2), (13, 3), (13, 4), (13, 5), (13, 6), (13, 7), (13, 8), (14, 1), (14, 2), (14, 3), (14, 4), (14, 5), (14, 6), (14, 7), (14, 8), (15, 1), (15, 2), (15, 3), (15, 4), (15, 5), (15, 6), (15, 7), (15, 8), (16, 1), (16, 2), (16, 3), (16, 4), (16, 5), (16, 6), (16, 7), (16, 8), (17, 1), (17, 2), (17, 3), (17, 4), (17, 5), (17, 6), (17, 7), (17, 8), (18, 1), (18, 2), (18, 3), (18, 4), (18, 5), (18, 6), (18, 7), (18, 8)]
2025-04-23 21:18:22,246 - ERROR - Error distributing ma_table values: no such column: year
2025-04-23 21:18:29,408 - INFO - Distributing courses for week 8...
2025-04-23 21:18:29,409 - INFO - Fetching valid slots for week 8
2025-04-23 21:18:29,409 - INFO - Valid slots: [(1, 1), (1, 2), (1, 3), (1, 4), (1, 5), (1, 6), (1, 7), (1, 8), (2, 1), (2, 2), (2, 3), (2, 4), (2, 5), (2, 6), (2, 7), (2, 8), (3, 1), (3, 2), (3, 3), (3, 4), (3, 5), (3, 6), (3, 7), (3, 8), (4, 1), (4, 2), (4, 3), (4, 4), (4, 5), (4, 6), (4, 7), (4, 8), (5, 1), (5, 2), (5, 3), (5, 4), (5, 5), (5, 6), (5, 7), (5, 8), (6, 1), (6, 2), (6, 3), (6, 4), (6, 5), (6, 6), (6, 7), (6, 8), (7, 1), (7, 2), (7, 3), (7, 4), (7, 5), (7, 6), (7, 7), (7, 8), (8, 1), (8, 2), (8, 3), (8, 4), (8, 5), (8, 6), (8, 7), (8, 8), (9, 1), (9, 2), (9, 3), (9, 4), (9, 5), (9, 6), (9, 7), (9, 8), (10, 1), (10, 2), (10, 3), (10, 4), (10, 5), (10, 6), (10, 7), (10, 8), (11, 1), (11, 2), (11, 3), (11, 4), (11, 5), (11, 6), (11, 7), (11, 8), (12, 1), (12, 2), (12, 3), (12, 4), (12, 5), (12, 6), (12, 7), (12, 8), (13, 1), (13, 2), (13, 3), (13, 4), (13, 5), (13, 6), (13, 7), (13, 8), (14, 1), (14, 2), (14, 3), (14, 4), (14, 5), (14, 6), (14, 7), (14, 8), (15, 1), (15, 2), (15, 3), (15, 4), (15, 5), (15, 6), (15, 7), (15, 8), (16, 1), (16, 2), (16, 3), (16, 4), (16, 5), (16, 6), (16, 7), (16, 8), (17, 1), (17, 2), (17, 3), (17, 4), (17, 5), (17, 6), (17, 7), (17, 8), (18, 1), (18, 2), (18, 3), (18, 4), (18, 5), (18, 6), (18, 7), (18, 8)]
2025-04-23 21:18:29,411 - ERROR - Error distributing ma_table values: no such column: year
2025-04-23 21:18:33,427 - INFO - Distributing courses for week 13...
2025-04-23 21:18:33,427 - INFO - Fetching valid slots for week 13
2025-04-23 21:18:33,427 - INFO - Valid slots: [(1, 1), (1, 2), (1, 3), (1, 4), (1, 5), (1, 6), (1, 7), (1, 8), (2, 1), (2, 2), (2, 3), (2, 4), (2, 5), (2, 6), (2, 7), (2, 8), (3, 1), (3, 2), (3, 3), (3, 4), (3, 5), (3, 6), (3, 7), (3, 8), (4, 1), (4, 2), (4, 3), (4, 4), (4, 5), (4, 6), (4, 7), (4, 8), (5, 1), (5, 2), (5, 3), (5, 4), (5, 5), (5, 6), (5, 7), (5, 8), (6, 1), (6, 2), (6, 3), (6, 4), (6, 5), (6, 6), (6, 7), (6, 8), (7, 1), (7, 2), (7, 3), (7, 4), (7, 5), (7, 6), (7, 7), (7, 8), (8, 1), (8, 2), (8, 3), (8, 4), (8, 5), (8, 6), (8, 7), (8, 8), (9, 1), (9, 2), (9, 3), (9, 4), (9, 5), (9, 6), (9, 7), (9, 8), (10, 1), (10, 2), (10, 3), (10, 4), (10, 5), (10, 6), (10, 7), (10, 8), (11, 1), (11, 2), (11, 3), (11, 4), (11, 5), (11, 6), (11, 7), (11, 8), (12, 1), (12, 2), (12, 3), (12, 4), (12, 5), (12, 6), (12, 7), (12, 8), (13, 1), (13, 2), (13, 3), (13, 4), (13, 5), (13, 6), (13, 7), (13, 8), (14, 1), (14, 2), (14, 3), (14, 4), (14, 5), (14, 6), (14, 7), (14, 8), (15, 1), (15, 2), (15, 3), (15, 4), (15, 5), (15, 6), (15, 7), (15, 8), (16, 1), (16, 2), (16, 3), (16, 4), (16, 5), (16, 6), (16, 7), (16, 8), (17, 1), (17, 2), (17, 3), (17, 4), (17, 5), (17, 6), (17, 7), (17, 8), (18, 1), (18, 2), (18, 3), (18, 4), (18, 5), (18, 6), (18, 7), (18, 8)]
2025-04-23 21:18:33,427 - ERROR - Error distributing ma_table values: no such column: year
2025-11-15 16:19:47,131 - INFO - Application starting...
2025-11-15 16:19:47,147 - INFO - Database tables set up successfully.
2025-11-15 16:19:47,147 - INFO - Admin user already exists.
2025-11-15 16:19:47,147 - INFO - Time slots checked and initialized successfully
2025-11-15 16:19:47,147 - INFO - All required tables exist.
2025-11-15 16:19:47,162 - INFO - Successfully initialized LoginFrame
2025-11-15 16:19:48,037 - INFO - Successfully initialized HomeFrame
2025-11-15 16:19:52,476 - INFO - Successfully initialized EmploiDuTempsApp
2025-11-15 16:19:52,515 - INFO - Successfully initialized TabManagerFrame
2025-11-15 16:19:52,515 - INFO - Database tables set up successfully.
2025-11-15 16:19:52,515 - INFO - Admin user already exists.
2025-11-15 16:19:52,515 - INFO - Time slots checked and initialized successfully
2025-11-15 16:19:52,515 - INFO - All required tables exist.
2025-11-15 16:19:52,535 - ERROR - Database error fetching saved weeks: no such column: week_number
2025-11-15 16:19:52,542 - INFO - Successfully initialized SavedSchedulesFrame
2025-11-15 16:19:52,544 - INFO - Database tables set up successfully.
2025-11-15 16:19:52,544 - INFO - Admin user already exists.
2025-11-15 16:19:52,544 - INFO - Time slots checked and initialized successfully
2025-11-15 16:19:52,544 - INFO - All required tables exist.
2025-11-15 16:19:52,544 - INFO - Database tables set up successfully.
2025-11-15 16:19:52,544 - INFO - Admin user already exists.
2025-11-15 16:19:52,544 - INFO - Time slots checked and initialized successfully
2025-11-15 16:19:52,544 - INFO - All required tables exist.
2025-11-15 16:19:52,544 - INFO - Database tables set up successfully.
2025-11-15 16:19:52,544 - INFO - Admin user already exists.
2025-11-15 16:19:52,544 - INFO - Time slots checked and initialized successfully
2025-11-15 16:19:52,555 - INFO - Basic data (days) initialized successfully
2025-11-15 16:19:52,575 - ERROR - Error parsing week: list index out of range
2025-11-15 16:19:54,020 - INFO - Successfully initialized CahierTextFrame
2025-11-15 16:19:54,029 - INFO - Successfully initialized ExcelImporterFrame
2025-11-15 16:19:54,034 - INFO - Database tables set up successfully.
2025-11-15 16:19:54,034 - INFO - Admin user already exists.
2025-11-15 16:19:54,034 - INFO - Time slots checked and initialized successfully
2025-11-15 16:19:54,034 - INFO - All required tables exist.
2025-11-15 16:19:54,034 - INFO - DatabaseManager initialized successfully.
2025-11-15 16:19:54,040 - INFO - Displayed frame: LoginFrame
2025-11-15 16:19:55,880 - INFO - Displayed frame: HomeFrame
2025-11-15 16:19:56,983 - INFO - Displayed frame: CahierTextFrame
2025-11-15 16:20:00,270 - INFO - Distributing courses for week 46...
2025-11-15 16:20:00,270 - INFO - Fetching valid slots for week 46
2025-11-15 16:20:00,270 - INFO - Valid slots: [(1, 1), (1, 2), (1, 3), (1, 4), (1, 5), (1, 6), (1, 7), (1, 8), (2, 1), (2, 2), (2, 3), (2, 4), (2, 5), (2, 6), (2, 7), (2, 8), (3, 1), (3, 2), (3, 3), (3, 4), (3, 5), (3, 6), (3, 7), (3, 8), (4, 1), (4, 2), (4, 3), (4, 4), (4, 5), (4, 6), (4, 7), (4, 8), (5, 1), (5, 2), (5, 3), (5, 4), (5, 5), (5, 6), (5, 7), (5, 8), (6, 1), (6, 2), (6, 3), (6, 4), (6, 5), (6, 6), (6, 7), (6, 8), (7, 1), (7, 2), (7, 3), (7, 4), (7, 5), (7, 6), (7, 7), (7, 8), (8, 1), (8, 2), (8, 3), (8, 4), (8, 5), (8, 6), (8, 7), (8, 8), (9, 1), (9, 2), (9, 3), (9, 4), (9, 5), (9, 6), (9, 7), (9, 8), (10, 1), (10, 2), (10, 3), (10, 4), (10, 5), (10, 6), (10, 7), (10, 8), (11, 1), (11, 2), (11, 3), (11, 4), (11, 5), (11, 6), (11, 7), (11, 8), (12, 1), (12, 2), (12, 3), (12, 4), (12, 5), (12, 6), (12, 7), (12, 8), (13, 1), (13, 2), (13, 3), (13, 4), (13, 5), (13, 6), (13, 7), (13, 8), (14, 1), (14, 2), (14, 3), (14, 4), (14, 5), (14, 6), (14, 7), (14, 8), (15, 1), (15, 2), (15, 3), (15, 4), (15, 5), (15, 6), (15, 7), (15, 8), (16, 1), (16, 2), (16, 3), (16, 4), (16, 5), (16, 6), (16, 7), (16, 8), (17, 1), (17, 2), (17, 3), (17, 4), (17, 5), (17, 6), (17, 7), (17, 8), (18, 1), (18, 2), (18, 3), (18, 4), (18, 5), (18, 6), (18, 7), (18, 8), (19, 1), (19, 2), (19, 3), (19, 4), (19, 5), (19, 6), (19, 7), (19, 8), (20, 1), (20, 2), (20, 3), (20, 4), (20, 5), (20, 6), (20, 7), (20, 8), (21, 1), (21, 2), (21, 3), (21, 4), (21, 5), (21, 6), (21, 7), (21, 8), (22, 1), (22, 2), (22, 3), (22, 4), (22, 5), (22, 6), (22, 7), (22, 8), (23, 1), (23, 2), (23, 3), (23, 4), (23, 5), (23, 6), (23, 7), (23, 8), (24, 1), (24, 2), (24, 3), (24, 4), (24, 5), (24, 6), (24, 7), (24, 8)]
2025-11-15 16:20:00,270 - ERROR - Error distributing ma_table values: no such column: year
2025-11-15 16:20:07,355 - INFO - Distributing courses for week 51...
2025-11-15 16:20:07,356 - INFO - Fetching valid slots for week 51
2025-11-15 16:20:07,356 - INFO - Valid slots: [(1, 1), (1, 2), (1, 3), (1, 4), (1, 5), (1, 6), (1, 7), (1, 8), (2, 1), (2, 2), (2, 3), (2, 4), (2, 5), (2, 6), (2, 7), (2, 8), (3, 1), (3, 2), (3, 3), (3, 4), (3, 5), (3, 6), (3, 7), (3, 8), (4, 1), (4, 2), (4, 3), (4, 4), (4, 5), (4, 6), (4, 7), (4, 8), (5, 1), (5, 2), (5, 3), (5, 4), (5, 5), (5, 6), (5, 7), (5, 8), (6, 1), (6, 2), (6, 3), (6, 4), (6, 5), (6, 6), (6, 7), (6, 8), (7, 1), (7, 2), (7, 3), (7, 4), (7, 5), (7, 6), (7, 7), (7, 8), (8, 1), (8, 2), (8, 3), (8, 4), (8, 5), (8, 6), (8, 7), (8, 8), (9, 1), (9, 2), (9, 3), (9, 4), (9, 5), (9, 6), (9, 7), (9, 8), (10, 1), (10, 2), (10, 3), (10, 4), (10, 5), (10, 6), (10, 7), (10, 8), (11, 1), (11, 2), (11, 3), (11, 4), (11, 5), (11, 6), (11, 7), (11, 8), (12, 1), (12, 2), (12, 3), (12, 4), (12, 5), (12, 6), (12, 7), (12, 8), (13, 1), (13, 2), (13, 3), (13, 4), (13, 5), (13, 6), (13, 7), (13, 8), (14, 1), (14, 2), (14, 3), (14, 4), (14, 5), (14, 6), (14, 7), (14, 8), (15, 1), (15, 2), (15, 3), (15, 4), (15, 5), (15, 6), (15, 7), (15, 8), (16, 1), (16, 2), (16, 3), (16, 4), (16, 5), (16, 6), (16, 7), (16, 8), (17, 1), (17, 2), (17, 3), (17, 4), (17, 5), (17, 6), (17, 7), (17, 8), (18, 1), (18, 2), (18, 3), (18, 4), (18, 5), (18, 6), (18, 7), (18, 8), (19, 1), (19, 2), (19, 3), (19, 4), (19, 5), (19, 6), (19, 7), (19, 8), (20, 1), (20, 2), (20, 3), (20, 4), (20, 5), (20, 6), (20, 7), (20, 8), (21, 1), (21, 2), (21, 3), (21, 4), (21, 5), (21, 6), (21, 7), (21, 8), (22, 1), (22, 2), (22, 3), (22, 4), (22, 5), (22, 6), (22, 7), (22, 8), (23, 1), (23, 2), (23, 3), (23, 4), (23, 5), (23, 6), (23, 7), (23, 8), (24, 1), (24, 2), (24, 3), (24, 4), (24, 5), (24, 6), (24, 7), (24, 8)]
2025-11-15 16:20:07,357 - ERROR - Error distributing ma_table values: no such column: year
2026-01-30 19:18:17,393 - INFO - Application starting...
2026-01-30 19:18:17,403 - INFO - Database tables set up successfully.
2026-01-30 19:18:17,403 - INFO - Admin user already exists.
2026-01-30 19:18:17,403 - INFO - Time slots checked and initialized successfully
2026-01-30 19:18:17,403 - INFO - All required tables exist.
2026-01-30 19:18:17,419 - INFO - Successfully initialized LoginFrame
2026-01-30 19:18:19,022 - INFO - Successfully initialized HomeFrame
2026-01-30 19:18:22,424 - INFO - Successfully initialized EmploiDuTempsApp
2026-01-30 19:18:22,490 - INFO - Successfully initialized TabManagerFrame
2026-01-30 19:18:22,490 - INFO - Database tables set up successfully.
2026-01-30 19:18:22,490 - INFO - Admin user already exists.
2026-01-30 19:18:22,490 - INFO - Time slots checked and initialized successfully
2026-01-30 19:18:22,490 - INFO - All required tables exist.
2026-01-30 19:18:22,501 - ERROR - Database error fetching saved weeks: no such column: week_number
2026-01-30 19:18:22,501 - INFO - Successfully initialized SavedSchedulesFrame
2026-01-30 19:18:22,501 - INFO - Database tables set up successfully.
2026-01-30 19:18:22,501 - INFO - Admin user already exists.
2026-01-30 19:18:22,501 - INFO - Time slots checked and initialized successfully
2026-01-30 19:18:22,501 - INFO - All required tables exist.
2026-01-30 19:18:22,520 - INFO - Database tables set up successfully.
2026-01-30 19:18:22,520 - INFO - Admin user already exists.
2026-01-30 19:18:22,520 - INFO - Time slots checked and initialized successfully
2026-01-30 19:18:22,521 - INFO - All required tables exist.
2026-01-30 19:18:22,522 - INFO - Database tables set up successfully.
2026-01-30 19:18:22,522 - INFO - Admin user already exists.
2026-01-30 19:18:22,522 - INFO - Time slots checked and initialized successfully
2026-01-30 19:18:22,529 - INFO - Basic data (days) initialized successfully
2026-01-30 19:18:22,545 - ERROR - Error parsing week: list index out of range
2026-01-30 19:18:24,049 - INFO - Successfully initialized CahierTextFrame
2026-01-30 19:18:24,059 - INFO - Successfully initialized ExcelImporterFrame
2026-01-30 19:18:24,059 - INFO - Database tables set up successfully.
2026-01-30 19:18:24,059 - INFO - Admin user already exists.
2026-01-30 19:18:24,059 - INFO - Time slots checked and initialized successfully
2026-01-30 19:18:24,059 - INFO - All required tables exist.
2026-01-30 19:18:24,059 - INFO - DatabaseManager initialized successfully.
2026-01-30 19:18:24,066 - INFO - Displayed frame: LoginFrame
2026-01-30 19:18:30,821 - INFO - Displayed frame: HomeFrame
2026-01-30 19:18:33,702 - INFO - Displayed frame: CahierTextFrame
2026-01-30 19:18:35,129 - INFO - Distributing courses for week 36...
2026-01-30 19:18:35,129 - INFO - Fetching valid slots for week 36
2026-01-30 19:18:35,129 - INFO - Valid slots: [(1, 1), (1, 2), (1, 3), (1, 4), (1, 5), (1, 6), (1, 7), (1, 8), (2, 1), (2, 2), (2, 3), (2, 4), (2, 5), (2, 6), (2, 7), (2, 8), (3, 1), (3, 2), (3, 3), (3, 4), (3, 5), (3, 6), (3, 7), (3, 8), (4, 1), (4, 2), (4, 3), (4, 4), (4, 5), (4, 6), (4, 7), (4, 8), (5, 1), (5, 2), (5, 3), (5, 4), (5, 5), (5, 6), (5, 7), (5, 8), (6, 1), (6, 2), (6, 3), (6, 4), (6, 5), (6, 6), (6, 7), (6, 8), (7, 1), (7, 2), (7, 3), (7, 4), (7, 5), (7, 6), (7, 7), (7, 8), (8, 1), (8, 2), (8, 3), (8, 4), (8, 5), (8, 6), (8, 7), (8, 8), (9, 1), (9, 2), (9, 3), (9, 4), (9, 5), (9, 6), (9, 7), (9, 8), (10, 1), (10, 2), (10, 3), (10, 4), (10, 5), (10, 6), (10, 7), (10, 8), (11, 1), (11, 2), (11, 3), (11, 4), (11, 5), (11, 6), (11, 7), (11, 8), (12, 1), (12, 2), (12, 3), (12, 4), (12, 5), (12, 6), (12, 7), (12, 8), (13, 1), (13, 2), (13, 3), (13, 4), (13, 5), (13, 6), (13, 7), (13, 8), (14, 1), (14, 2), (14, 3), (14, 4), (14, 5), (14, 6), (14, 7), (14, 8), (15, 1), (15, 2), (15, 3), (15, 4), (15, 5), (15, 6), (15, 7), (15, 8), (16, 1), (16, 2), (16, 3), (16, 4), (16, 5), (16, 6), (16, 7), (16, 8), (17, 1), (17, 2), (17, 3), (17, 4), (17, 5), (17, 6), (17, 7), (17, 8), (18, 1), (18, 2), (18, 3), (18, 4), (18, 5), (18, 6), (18, 7), (18, 8), (19, 1), (19, 2), (19, 3), (19, 4), (19, 5), (19, 6), (19, 7), (19, 8), (20, 1), (20, 2), (20, 3), (20, 4), (20, 5), (20, 6), (20, 7), (20, 8), (21, 1), (21, 2), (21, 3), (21, 4), (21, 5), (21, 6), (21, 7), (21, 8), (22, 1), (22, 2), (22, 3), (22, 4), (22, 5), (22, 6), (22, 7), (22, 8), (23, 1), (23, 2), (23, 3), (23, 4), (23, 5), (23, 6), (23, 7), (23, 8), (24, 1), (24, 2), (24, 3), (24, 4), (24, 5), (24, 6), (24, 7), (24, 8), (25, 1), (25, 2), (25, 3), (25, 4), (25, 5), (25, 6), (25, 7), (25, 8), (26, 1), (26, 2), (26, 3), (26, 4), (26, 5), (26, 6), (26, 7), (26, 8), (27, 1), (27, 2), (27, 3), (27, 4), (27, 5), (27, 6), (27, 7), (27, 8), (28, 1), (28, 2), (28, 3), (28, 4), (28, 5), (28, 6), (28, 7), (28, 8), (29, 1), (29, 2), (29, 3), (29, 4), (29, 5), (29, 6), (29, 7), (29, 8), (30, 1), (30, 2), (30, 3), (30, 4), (30, 5), (30, 6), (30, 7), (30, 8)]
2026-01-30 19:18:35,145 - ERROR - Error distributing ma_table values: no such column: year
2026-01-30 19:18:44,192 - INFO - Starting PDF generation...
2026-01-30 19:18:44,192 - INFO - Added headers: ['Horaire', 'Lundi', 'Mardi', 'Mercredi', 'Jeudi', 'Vendredi', 'Samedi']
2026-01-30 19:18:44,192 - INFO - Initial schedule state created with 9 rows
2026-01-30 19:18:44,192 - INFO - Processing day: Lundi at column 1
2026-01-30 19:18:44,192 - INFO - Processing day: Mardi at column 2
2026-01-30 19:18:44,192 - INFO - Processing day: Mercredi at column 3
2026-01-30 19:18:44,192 - INFO - Processing day: Jeudi at column 4
2026-01-30 19:18:44,192 - INFO - Processing day: Vendredi at column 5
2026-01-30 19:18:44,192 - INFO - Processing day: Samedi at column 6
2026-01-30 19:18:44,192 - INFO - Final data structure has 11 rows
2026-01-30 19:18:44,192 - INFO - Row 0: ['Semaine 36 - du 01/09/2025 au 06/09/2025']
2026-01-30 19:18:44,192 - INFO - Row 1: ['Horaire', 'Lundi', 'Mardi', 'Mercredi', 'Jeudi', 'Vendredi', 'Samedi']
2026-01-30 19:18:44,192 - INFO - Row 2: ['08:30 - 09:30', '', '', 'TCLSHF 1', 'TCSF 5', 'TCSF 1', '']
2026-01-30 19:18:44,192 - INFO - Row 3: ['09:30 - 10:30', '', '', 'TCSF 6', 'TCSF 3', 'TCSF 2', '']
2026-01-30 19:18:44,192 - INFO - Row 4: ['10:30 - 11:30', '', '', '', '', 'TCSF 4', '']
2026-01-30 19:18:44,192 - INFO - Row 5: ['11:30 - 12:30', '', '', '', '', 'TCLSHF 2', '']
2026-01-30 19:18:44,192 - INFO - Row 6: ['12:30 - 14:30', 'Pause DÈjeuner', 'Pause DÈjeuner', 'Pause DÈjeuner', 'Pause DÈjeuner', 'Pause DÈjeuner', 'Pause DÈjeuner']
2026-01-30 19:18:44,192 - INFO - Row 7: ['14:30 - 15:30', 'TCSF 3', 'TCSF 4', '', '', '', '']
2026-01-30 19:18:44,192 - INFO - Row 8: ['15:30 - 16:30', 'TCLSHF 1', 'TCLSHF 2', '', '', '', '']
2026-01-30 19:18:44,192 - INFO - Row 9: ['16:30 - 17:30', 'TCSF 6', 'TCSF 1', '', '', '', '']
2026-01-30 19:18:44,192 - INFO - Row 10: ['17:30 - 18:30', 'TCSF 2', 'TCSF 5', '', '', '', '']
2026-01-30 19:18:52,707 - INFO - Distributing courses for week 36...
2026-01-30 19:18:52,707 - INFO - Fetching valid slots for week 36
2026-01-30 19:18:52,707 - INFO - Valid slots: [(1, 1), (1, 2), (1, 3), (1, 4), (1, 5), (1, 6), (1, 7), (1, 8), (2, 1), (2, 2), (2, 3), (2, 4), (2, 5), (2, 6), (2, 7), (2, 8), (3, 1), (3, 2), (3, 3), (3, 4), (3, 5), (3, 6), (3, 7), (3, 8), (4, 1), (4, 2), (4, 3), (4, 4), (4, 5), (4, 6), (4, 7), (4, 8), (5, 1), (5, 2), (5, 3), (5, 4), (5, 5), (5, 6), (5, 7), (5, 8), (6, 1), (6, 2), (6, 3), (6, 4), (6, 5), (6, 6), (6, 7), (6, 8), (7, 1), (7, 2), (7, 3), (7, 4), (7, 5), (7, 6), (7, 7), (7, 8), (8, 1), (8, 2), (8, 3), (8, 4), (8, 5), (8, 6), (8, 7), (8, 8), (9, 1), (9, 2), (9, 3), (9, 4), (9, 5), (9, 6), (9, 7), (9, 8), (10, 1), (10, 2), (10, 3), (10, 4), (10, 5), (10, 6), (10, 7), (10, 8), (11, 1), (11, 2), (11, 3), (11, 4), (11, 5), (11, 6), (11, 7), (11, 8), (12, 1), (12, 2), (12, 3), (12, 4), (12, 5), (12, 6), (12, 7), (12, 8), (13, 1), (13, 2), (13, 3), (13, 4), (13, 5), (13, 6), (13, 7), (13, 8), (14, 1), (14, 2), (14, 3), (14, 4), (14, 5), (14, 6), (14, 7), (14, 8), (15, 1), (15, 2), (15, 3), (15, 4), (15, 5), (15, 6), (15, 7), (15, 8), (16, 1), (16, 2), (16, 3), (16, 4), (16, 5), (16, 6), (16, 7), (16, 8), (17, 1), (17, 2), (17, 3), (17, 4), (17, 5), (17, 6), (17, 7), (17, 8), (18, 1), (18, 2), (18, 3), (18, 4), (18, 5), (18, 6), (18, 7), (18, 8), (19, 1), (19, 2), (19, 3), (19, 4), (19, 5), (19, 6), (19, 7), (19, 8), (20, 1), (20, 2), (20, 3), (20, 4), (20, 5), (20, 6), (20, 7), (20, 8), (21, 1), (21, 2), (21, 3), (21, 4), (21, 5), (21, 6), (21, 7), (21, 8), (22, 1), (22, 2), (22, 3), (22, 4), (22, 5), (22, 6), (22, 7), (22, 8), (23, 1), (23, 2), (23, 3), (23, 4), (23, 5), (23, 6), (23, 7), (23, 8), (24, 1), (24, 2), (24, 3), (24, 4), (24, 5), (24, 6), (24, 7), (24, 8), (25, 1), (25, 2), (25, 3), (25, 4), (25, 5), (25, 6), (25, 7), (25, 8), (26, 1), (26, 2), (26, 3), (26, 4), (26, 5), (26, 6), (26, 7), (26, 8), (27, 1), (27, 2), (27, 3), (27, 4), (27, 5), (27, 6), (27, 7), (27, 8), (28, 1), (28, 2), (28, 3), (28, 4), (28, 5), (28, 6), (28, 7), (28, 8), (29, 1), (29, 2), (29, 3), (29, 4), (29, 5), (29, 6), (29, 7), (29, 8), (30, 1), (30, 2), (30, 3), (30, 4), (30, 5), (30, 6), (30, 7), (30, 8)]
2026-01-30 19:18:52,707 - ERROR - Error distributing ma_table values: no such column: year
